[salaz094@empress HW3A_LL1]$ ./ll1.out
S:       0 A 0       1 A 1
A:        0 0        1 1
B:
Enter a string made of 0's and/or 1's: 0110
Stack
S
--------------
current char is: 0
adding rhs of a rule to the stack

Stack
0
A
0
--------------
current char is: 0
matched!

Stack
A
0
--------------
current char is: 1
adding rhs of a rule to the stack

Stack
1
1
0
--------------
current char is: 1
matched!

Stack
1
0
--------------
current char is: 1
matched!

Stack
0
--------------
current char is: 0
matched!

Stack
[ empty ]
--------------
>>Accept!

[salaz094@empress HW3A_LL1]$ ./ll1.out
S:       0 A 0       1 A 1
A:        0 0        1 1
B:
Enter a string made of 0's and/or 1's: 1001
Stack
S
--------------
current char is: 1
adding rhs of a rule to the stack

Stack
1
A
1
--------------
current char is: 1
matched!

Stack
A
1
--------------
current char is: 0
adding rhs of a rule to the stack

Stack
0
0
1
--------------
current char is: 0
matched!

Stack
0
1
--------------
current char is: 0
matched!

Stack
1
--------------
current char is: 1
matched!

Stack
[ empty ]
--------------
>>Accept!

[salaz094@empress HW3A_LL1]$ ./ll1.out
S:       0 A 0       1 A 1
A:        0 0        1 1
B:
Enter a string made of 0's and/or 1's: 200
Stack
S
--------------
current char is: 2
>>Error - no rule. Reject!
[salaz094@empress HW3A_LL1]$ ./ll1.out
S:       0 A 0       1 A 1
A:        0 0        1 1
B:
Enter a string made of 0's and/or 1's: 0110000
Stack
S
--------------
current char is: 0
adding rhs of a rule to the stack

Stack
0
A
0
--------------
current char is: 0
matched!

Stack
A
0
--------------
current char is: 1
adding rhs of a rule to the stack

Stack
1
1
0
--------------
current char is: 1
matched!

Stack
1
0
--------------
current char is: 1
matched!

Stack
0
--------------
current char is: 0
matched!

Stack
[ empty ]
--------------
current char is: 0
>>Error - stack is empty. Reject!
[salaz094@empress HW3A_LL1]$ ./ll1.out
S:       0 A 0       1 A 1
A:        0 0        1 1
B:
Enter a string made of 0's and/or 1's: 0111
Stack
S
--------------
current char is: 0
adding rhs of a rule to the stack

Stack
0
A
0
--------------
current char is: 0
matched!

Stack
A
0
--------------
current char is: 1
adding rhs of a rule to the stack

Stack
1
1
0
--------------
current char is: 1
matched!

Stack
1
0
--------------
current char is: 1
matched!

Stack
0
--------------
current char is: 1
>>Mismatch error. Reject!
[salaz094@empress HW3A_LL1]$
